flet : Traceback (most recent call last):
At line:1 char:43
+ ... tical-pos"; flet build windows --project LensyPOS --module-name main  ...
+                 ~~~~~~~~~~~~~~~~~~~~~~~~~~~~~~~~~~~~~~~~~~~~~~~~~~~~~~~~~
    + CategoryInfo          : NotSpecified: (Traceback (most recent call last)::String) [], RemoteException
    + FullyQualifiedErrorId : NativeCommandError
 
  File "A:\Projects\pos\.venv\Lib\site-packages\rich\live.py", line 133, in start
    self.refresh()
    ~~~~~~~~~~~~^^
  File "A:\Projects\pos\.venv\Lib\site-packages\rich\live.py", line 270, in refresh
    with self.console:
         ^^^^^^^^^^^^
  File "A:\Projects\pos\.venv\Lib\site-packages\rich\console.py", line 870, in __exit__
    self._exit_buffer()
    ~~~~~~~~~~~~~~~~~^^
  File "A:\Projects\pos\.venv\Lib\site-packages\rich\console.py", line 826, in _exit_buffer
    self._check_buffer()
    ~~~~~~~~~~~~~~~~~~^^
  File "A:\Projects\pos\.venv\Lib\site-packages\rich\console.py", line 2042, in _check_buffer
    self._write_buffer()
    ~~~~~~~~~~~~~~~~~~^^
  File "A:\Projects\pos\.venv\Lib\site-packages\rich\console.py", line 2078, in _write_buffer
    legacy_windows_render(buffer, LegacyWindowsTerm(self.file))
    ~~~~~~~~~~~~~~~~~~~~~^^^^^^^^^^^^^^^^^^^^^^^^^^^^^^^^^^^^^^
  File "A:\Projects\pos\.venv\Lib\site-packages\rich\_windows_renderer.py", line 17, in legacy_windows_render
    term.write_styled(text, style)
    ~~~~~~~~~~~~~~~~~^^^^^^^^^^^^^
  File "A:\Projects\pos\.venv\Lib\site-packages\rich\_win32_console.py", line 441, in write_styled
    self.write_text(text)
    ~~~~~~~~~~~~~~~^^^^^^
  File "A:\Projects\pos\.venv\Lib\site-packages\rich\_win32_console.py", line 402, in write_text
    self.write(text)
    ~~~~~~~~~~^^^^^^
  File "C:\Users\Abood\AppData\Local\Programs\Python\Python313\Lib\encodings\cp1252.py", line 19, in encode
    return codecs.charmap_encode(input,self.errors,encoding_table)[0]
           ~~~~~~~~~~~~~~~~~~~~~^^^^^^^^^^^^^^^^^^^^^^^^^^^^^^^^^^
UnicodeEncodeError: 'charmap' codec can't encode character '\u25cf' in position 2: character maps to <undefined>

During handling of the above exception, another exception occurred:

Traceback (most recent call last):
  File "<frozen runpy>", line 198, in _run_module_as_main
  File "<frozen runpy>", line 88, in _run_code
  File "A:\Projects\pos\.venv\Scripts\flet.exe\__main__.py", line 6, in <module>
    sys.exit(main())
             ~~~~^^
  File "A:\Projects\pos\.venv\Lib\site-packages\flet\cli.py", line 11, in main
    flet_cli.cli.main()
    ~~~~~~~~~~~~~~~~~^^
  File "A:\Projects\pos\.venv\Lib\site-packages\flet_cli\cli.py", line 93, in main
    args.handler(args)
    ~~~~~~~~~~~~^^^^^^
  File "A:\Projects\pos\.venv\Lib\site-packages\flet_cli\commands\build.py", line 614, in handle
    with Live(Group(self.status, self.progress), console=console) as self.live:
         ~~~~^^^^^^^^^^^^^^^^^^^^^^^^^^^^^^^^^^^^^^^^^^^^^^^^^^^^
  File "A:\Projects\pos\.venv\Lib\site-packages\rich\live.py", line 184, in __enter__
    self.start(refresh=self._renderable is not None)
    ~~~~~~~~~~^^^^^^^^^^^^^^^^^^^^^^^^^^^^^^^^^^^^^^
  File "A:\Projects\pos\.venv\Lib\site-packages\rich\live.py", line 139, in start
    self.stop()
    ~~~~~~~~~^^
  File "A:\Projects\pos\.venv\Lib\site-packages\rich\live.py", line 162, in stop
    with self.console:
         ^^^^^^^^^^^^
  File "A:\Projects\pos\.venv\Lib\site-packages\rich\console.py", line 870, in __exit__
    self._exit_buffer()
    ~~~~~~~~~~~~~~~~~^^
  File "A:\Projects\pos\.venv\Lib\site-packages\rich\console.py", line 826, in _exit_buffer
    self._check_buffer()
    ~~~~~~~~~~~~~~~~~~^^
  File "A:\Projects\pos\.venv\Lib\site-packages\rich\console.py", line 2042, in _check_buffer
    self._write_buffer()
    ~~~~~~~~~~~~~~~~~~^^
  File "A:\Projects\pos\.venv\Lib\site-packages\rich\console.py", line 2078, in _write_buffer
    legacy_windows_render(buffer, LegacyWindowsTerm(self.file))
    ~~~~~~~~~~~~~~~~~~~~~^^^^^^^^^^^^^^^^^^^^^^^^^^^^^^^^^^^^^^
  File "A:\Projects\pos\.venv\Lib\site-packages\rich\_windows_renderer.py", line 17, in legacy_windows_render
    term.write_styled(text, style)
    ~~~~~~~~~~~~~~~~~^^^^^^^^^^^^^
  File "A:\Projects\pos\.venv\Lib\site-packages\rich\_win32_console.py", line 441, in write_styled
    self.write_text(text)
    ~~~~~~~~~~~~~~~^^^^^^
  File "A:\Projects\pos\.venv\Lib\site-packages\rich\_win32_console.py", line 402, in write_text
    self.write(text)
    ~~~~~~~~~~^^^^^^
  File "C:\Users\Abood\AppData\Local\Programs\Python\Python313\Lib\encodings\cp1252.py", line 19, in encode
    return codecs.charmap_encode(input,self.errors,encoding_table)[0]
           ~~~~~~~~~~~~~~~~~~~~~^^^^^^^^^^^^^^^^^^^^^^^^^^^^^^^^^^
UnicodeEncodeError: 'charmap' codec can't encode character '\u25cf' in position 2: character maps to <undefined>
